hi
from master
from master2
from feature
add feature2
-------------
add feature31
add feature41
-------------
from master3i
from master3j
